[Licensing::Module] Trying to connect to existing licensing client channel...
Built from '6000.5/staging' branch; Version is '6000.5.6f1 (0e0577a1a2ac) revision 918903'; Using compiler version '194234433'; Build Type 'Release'
OS: 'Windows 11  (10.0.26200) Core' Language: 'en' Physical Memory: 32394 MB
[Licensing::IpcConnector] Successfully connected to: "LicenseClient-jesse" at "2026-09-24T16:00:45.1474604Z"
BatchMode: 1, IsHumanControllingUs: 0, StartBugReporterOnCrash: 0, Is64bit: 1
System  architecture: x64
Process architecture: x64
Date: 2026-09-24T16:00:45Z

COMMAND LINE ARGUMENTS:
C:\Program Files\Unity\Hub\Editor\6000.5.6f1\Editor\Unity.exe
-batchmode
-nographics
-projectPath
C:\Users\jesse\Unity\Rush Out
-executeMethod
PauseRestartCostRowMigrationMenu.Migrate
-logFile
C:\Users\jesse\Unity\Rush Out\Temp_PauseRestartMigrate.log
-quit
Successfully changed project path to: C:\Users\jesse\Unity\Rush Out
C:/Users/jesse/Unity/Rush Out
Exiting without the bug reporter. Application will terminate with return code 1